3 30 30
dungeon.png
layer 0 below
start tile
1010,1010,1010,1010,1010,1010,1010,1010,1010,1010,1010,1010,1010,1010,1010,1010,1010,1010,1010,1010,1010,1010,1010,1010,1010,1010,1010,1010,1010,1010
1010,1010,1010,1010,1010,1010,1010,1010,1010,1010,1010,1010,1010,1010,1010,1010,1010,1010,1010,1010,1010,1010,1010,1010,1010,1010,1010,1010,1010,1010
1010,1010,1010,1010,1010,1010,1010,1010,1010,1010,1010,1010,1010,1010,1010,1010,1010,1010,1010,1010,1010,1010,1010,1010,1010,1010,1010,1010,1010,1010
1010,1010,1010,1010,1010,1010,1010,1010,1010,1010,1010,1010,1010,1010,1010,1010,1010,1010,1010,1010,1010,1010,1010,1010,1010,1010,1010,1010,1010,1010
1010,1010,1010,1010,1010,1010,1010,1010,1010,1010,1010,1010,1010,1010,1010,1010,1010,1010,1010,1010,1010,1010,1010,1010,1010,1010,1010,1010,1010,1010
1010,1010,1010,1010,1010,1010,1010,1010,1010,1010,1010,1010,1010,1010,1010,1010,1010,1010,1010,1010,1010,1010,1010,1010,1010,1010,1010,1010,1010,1010
1010,1010,1010,100E,100E,100E,100E,1010,1010,1010,1010,1010,1010,1010,1010,1010,1010,1010,1010,1010,1010,1010,1010,1010,1010,1010,1010,1010,1010,1010
1010,1010,1010,1010,1010,1010,1010,1010,1010,1010,1010,1010,1010,1010,1010,1010,1010,1010,1010,1010,1010,1010,1010,1010,1010,1010,1010,1010,1010,1010
1010,1010,1010,1010,1010,1010,1010,1010,1010,1010,1010,1010,1010,1010,1010,1010,1010,1010,1010,1010,1010,1010,1010,1010,1010,1010,1010,1010,1010,1010
1010,1010,1010,1010,1010,1010,1010,1010,1010,1010,1010,1010,1010,1010,1010,1010,1010,1010,1010,1010,1010,1010,1010,1010,1010,1010,1010,1010,1010,1010
1010,1010,1010,100E,100E,100E,100E,1010,1010,1010,1010,1010,1010,1010,1010,1010,1010,1010,1010,1010,1010,1010,1010,1010,1010,1010,1010,1010,1010,1010
1010,1010,1010,100E,100E,100E,100E,1010,1010,1010,1010,1010,1010,1010,1010,1010,1010,1010,1010,1010,1010,1010,1010,1010,1010,1010,1010,1010,1010,1010
1010,1010,1010,100E,100E,100E,100E,1010,1010,1010,1010,1010,1010,1010,1010,1010,1010,1010,1010,1010,1010,1010,1010,1010,1010,1010,1010,1010,1010,1010
1010,1010,1010,100E,100E,100E,100E,1010,1010,1010,1010,1010,1010,1010,1010,1010,1010,1010,1010,1010,1010,1010,1010,1010,1010,1010,1010,1010,1010,1010
1010,1010,1010,1010,1010,1010,1010,1010,1010,1010,1010,1010,1010,1010,1010,1010,1010,1010,1010,1010,1010,1010,1010,1010,1010,1010,1010,1010,1010,1010
1010,1010,1010,1010,1010,1010,1010,1010,1010,1010,1010,1010,1010,1010,1010,1010,1010,1010,1010,1010,1010,1010,1010,1010,1010,1010,1010,1010,1010,1010
1010,1010,1010,1010,1010,1010,1010,1010,1010,1010,1010,1010,1010,1010,1010,1010,1010,1010,1010,1010,1010,1010,1010,1010,1010,1010,1010,1010,1010,1010
1010,1010,1010,1010,1010,1010,1010,1010,1010,1010,1010,1010,1010,1010,1010,1010,1010,1010,1010,1010,1010,1010,1010,1010,1010,1010,1010,1010,1010,1010
1010,1010,1010,1010,1010,1010,1010,1010,1010,1010,1010,1010,1010,1010,1010,1010,1010,1010,1010,1010,1010,1010,1010,1010,1010,1010,1010,1010,1010,1010
1010,1010,1010,1010,1010,1010,1010,1010,1010,1010,1010,1010,1010,1010,1010,1010,1010,1010,1010,1010,1010,1010,1010,1010,1010,1010,1010,1010,1010,1010
1010,1010,1010,1010,1010,1010,1010,1010,1010,1010,1010,1010,1010,1010,1010,1010,1010,1010,1010,1010,1010,1010,1010,1010,1010,1010,1010,1010,1010,1010
1010,1010,1010,1010,1010,1010,1010,1010,1010,1010,1010,1010,1010,1010,1010,1010,1010,1010,1010,1010,1010,1010,1010,1010,1010,1010,1010,1010,1010,1010
1010,1010,1010,1010,1010,1010,1010,1010,1010,1010,1010,1010,1010,1010,1010,1010,1010,1010,1010,1010,1010,1010,1010,1010,1010,1010,1010,1010,1010,1010
1010,1010,1010,1010,1010,1010,1010,1010,1010,1010,1010,1010,1010,1010,1010,1010,1010,1010,1010,1010,1010,1010,1010,1010,1010,1010,1010,1010,1010,1010
1010,1010,1010,1010,1010,1010,1010,1010,1010,1010,1010,1010,1010,1010,1010,1010,1010,1010,1010,1010,1010,1010,1010,1010,1010,1010,1010,1010,1010,1010
1010,1010,1010,1010,1010,1010,1010,1010,1010,1010,1010,1010,1010,1010,1010,1010,1010,1010,1010,1010,1010,1010,1010,1010,1010,1010,1010,1010,1010,1010
1010,1010,1010,1010,1010,1010,1010,1010,1010,1010,1010,1010,1010,1010,1010,1010,1010,1010,1010,1010,1010,1010,1010,1010,1010,1010,1010,1010,1010,1010
1010,1010,1010,1010,1010,1010,1010,1010,1010,1010,1010,1010,1010,1010,1010,1010,1010,1010,1010,1010,1010,1010,1010,1010,1010,1010,1010,1010,1010,1010
1010,1010,1010,1010,1010,1010,1010,1010,1010,1010,1010,1010,1010,1010,1010,1010,1010,1010,1010,1010,1010,1010,1010,1010,1010,1010,1010,1010,1010,1010
1010,1010,1010,1010,1010,1010,1010,1010,1010,1010,1010,1010,1010,1010,1010,1010,1010,1010,1010,1010,1010,1010,1010,1010,1010,1010,1010,1010,1010,1010
end tile
start body
OPEN,OPEN,OPEN,OPEN,OPEN,OPEN,OPEN,OPEN,OPEN,OPEN,OPEN,OPEN,OPEN,OPEN,OPEN,OPEN,OPEN,OPEN,OPEN,OPEN,OPEN,OPEN,OPEN,OPEN,OPEN,OPEN,OPEN,OPEN,OPEN,OPEN
OPEN,OPEN,OPEN,OPEN,OPEN,OPEN,OPEN,OPEN,OPEN,OPEN,OPEN,OPEN,OPEN,OPEN,OPEN,OPEN,OPEN,OPEN,OPEN,OPEN,OPEN,OPEN,OPEN,OPEN,OPEN,OPEN,OPEN,OPEN,OPEN,OPEN
OPEN,OPEN,OPEN,OPEN,OPEN,OPEN,OPEN,OPEN,OPEN,OPEN,OPEN,OPEN,OPEN,OPEN,OPEN,OPEN,OPEN,OPEN,OPEN,OPEN,OPEN,OPEN,OPEN,OPEN,OPEN,OPEN,OPEN,OPEN,OPEN,OPEN
OPEN,OPEN,OPEN,OPEN,OPEN,OPEN,OPEN,OPEN,OPEN,OPEN,OPEN,OPEN,OPEN,OPEN,OPEN,OPEN,OPEN,OPEN,OPEN,OPEN,OPEN,OPEN,OPEN,OPEN,OPEN,OPEN,OPEN,OPEN,OPEN,OPEN
OPEN,OPEN,OPEN,OPEN,OPEN,OPEN,OPEN,OPEN,OPEN,OPEN,OPEN,OPEN,OPEN,OPEN,OPEN,OPEN,OPEN,OPEN,OPEN,OPEN,OPEN,OPEN,OPEN,OPEN,OPEN,OPEN,OPEN,OPEN,OPEN,OPEN
OPEN,OPEN,OPEN,OPEN,OPEN,OPEN,OPEN,OPEN,OPEN,OPEN,OPEN,OPEN,OPEN,OPEN,OPEN,OPEN,OPEN,OPEN,OPEN,OPEN,OPEN,OPEN,OPEN,OPEN,OPEN,OPEN,OPEN,OPEN,OPEN,OPEN
OPEN,OPEN,OPEN,OPEN,OPEN,OPEN,OPEN,OPEN,OPEN,OPEN,OPEN,OPEN,OPEN,OPEN,OPEN,OPEN,OPEN,OPEN,OPEN,OPEN,OPEN,OPEN,OPEN,OPEN,OPEN,OPEN,OPEN,OPEN,OPEN,OPEN
OPEN,OPEN,OPEN,OPEN,OPEN,OPEN,OPEN,OPEN,OPEN,OPEN,OPEN,OPEN,OPEN,OPEN,OPEN,OPEN,OPEN,OPEN,OPEN,OPEN,OPEN,OPEN,OPEN,OPEN,OPEN,OPEN,OPEN,OPEN,OPEN,OPEN
OPEN,OPEN,OPEN,OPEN,OPEN,OPEN,OPEN,OPEN,OPEN,OPEN,OPEN,OPEN,OPEN,OPEN,OPEN,OPEN,OPEN,OPEN,OPEN,OPEN,OPEN,OPEN,OPEN,OPEN,OPEN,OPEN,OPEN,OPEN,OPEN,OPEN
OPEN,OPEN,OPEN,OPEN,OPEN,OPEN,OPEN,OPEN,OPEN,OPEN,OPEN,OPEN,OPEN,OPEN,OPEN,OPEN,OPEN,OPEN,OPEN,OPEN,OPEN,OPEN,OPEN,OPEN,OPEN,OPEN,OPEN,OPEN,OPEN,OPEN
OPEN,OPEN,OPEN,OPEN,OPEN,OPEN,OPEN,OPEN,OPEN,OPEN,OPEN,OPEN,OPEN,OPEN,OPEN,OPEN,OPEN,OPEN,OPEN,OPEN,OPEN,OPEN,OPEN,OPEN,OPEN,OPEN,OPEN,OPEN,OPEN,OPEN
OPEN,OPEN,OPEN,OPEN,OPEN,OPEN,OPEN,OPEN,OPEN,OPEN,OPEN,OPEN,OPEN,OPEN,OPEN,OPEN,OPEN,OPEN,OPEN,OPEN,OPEN,OPEN,OPEN,OPEN,OPEN,OPEN,OPEN,OPEN,OPEN,OPEN
OPEN,OPEN,OPEN,OPEN,OPEN,OPEN,OPEN,OPEN,OPEN,OPEN,OPEN,OPEN,OPEN,OPEN,OPEN,OPEN,OPEN,OPEN,OPEN,OPEN,OPEN,OPEN,OPEN,OPEN,OPEN,OPEN,OPEN,OPEN,OPEN,OPEN
OPEN,OPEN,OPEN,OPEN,OPEN,OPEN,OPEN,OPEN,OPEN,OPEN,OPEN,OPEN,OPEN,OPEN,OPEN,OPEN,OPEN,OPEN,OPEN,OPEN,OPEN,OPEN,OPEN,OPEN,OPEN,OPEN,OPEN,OPEN,OPEN,OPEN
OPEN,OPEN,OPEN,OPEN,OPEN,OPEN,OPEN,OPEN,OPEN,OPEN,OPEN,OPEN,OPEN,OPEN,OPEN,OPEN,OPEN,OPEN,OPEN,OPEN,OPEN,OPEN,OPEN,OPEN,OPEN,OPEN,OPEN,OPEN,OPEN,OPEN
OPEN,OPEN,OPEN,OPEN,OPEN,OPEN,OPEN,OPEN,OPEN,OPEN,OPEN,OPEN,OPEN,OPEN,OPEN,OPEN,OPEN,OPEN,OPEN,OPEN,OPEN,OPEN,OPEN,OPEN,OPEN,OPEN,OPEN,OPEN,OPEN,OPEN
OPEN,OPEN,OPEN,OPEN,OPEN,OPEN,OPEN,OPEN,OPEN,OPEN,OPEN,OPEN,OPEN,OPEN,OPEN,OPEN,OPEN,OPEN,OPEN,OPEN,OPEN,OPEN,OPEN,OPEN,OPEN,OPEN,OPEN,OPEN,OPEN,OPEN
OPEN,OPEN,OPEN,OPEN,OPEN,OPEN,OPEN,OPEN,OPEN,OPEN,OPEN,OPEN,OPEN,OPEN,OPEN,OPEN,OPEN,OPEN,OPEN,OPEN,OPEN,OPEN,OPEN,OPEN,OPEN,OPEN,OPEN,OPEN,OPEN,OPEN
OPEN,OPEN,OPEN,OPEN,OPEN,OPEN,OPEN,OPEN,OPEN,OPEN,OPEN,OPEN,OPEN,OPEN,OPEN,OPEN,OPEN,OPEN,OPEN,OPEN,OPEN,OPEN,OPEN,OPEN,OPEN,OPEN,OPEN,OPEN,OPEN,OPEN
OPEN,OPEN,OPEN,OPEN,OPEN,OPEN,OPEN,OPEN,OPEN,OPEN,OPEN,OPEN,OPEN,OPEN,OPEN,OPEN,OPEN,OPEN,OPEN,OPEN,OPEN,OPEN,OPEN,OPEN,OPEN,OPEN,OPEN,OPEN,OPEN,OPEN
OPEN,OPEN,OPEN,OPEN,OPEN,OPEN,OPEN,OPEN,OPEN,OPEN,OPEN,OPEN,OPEN,OPEN,OPEN,OPEN,OPEN,OPEN,OPEN,OPEN,OPEN,OPEN,OPEN,OPEN,OPEN,OPEN,OPEN,OPEN,OPEN,OPEN
OPEN,OPEN,OPEN,OPEN,OPEN,OPEN,OPEN,OPEN,OPEN,OPEN,OPEN,OPEN,OPEN,OPEN,OPEN,OPEN,OPEN,OPEN,OPEN,OPEN,OPEN,OPEN,OPEN,OPEN,OPEN,OPEN,OPEN,OPEN,OPEN,OPEN
OPEN,OPEN,OPEN,OPEN,OPEN,OPEN,OPEN,OPEN,OPEN,OPEN,OPEN,OPEN,OPEN,OPEN,OPEN,OPEN,OPEN,OPEN,OPEN,OPEN,OPEN,OPEN,OPEN,OPEN,OPEN,OPEN,OPEN,OPEN,OPEN,OPEN
OPEN,OPEN,OPEN,OPEN,OPEN,OPEN,OPEN,OPEN,OPEN,OPEN,OPEN,OPEN,OPEN,OPEN,OPEN,OPEN,OPEN,OPEN,OPEN,OPEN,OPEN,OPEN,OPEN,OPEN,OPEN,OPEN,OPEN,OPEN,OPEN,OPEN
OPEN,OPEN,OPEN,OPEN,OPEN,OPEN,OPEN,OPEN,OPEN,OPEN,OPEN,OPEN,OPEN,OPEN,OPEN,OPEN,OPEN,OPEN,OPEN,OPEN,OPEN,OPEN,OPEN,OPEN,OPEN,OPEN,OPEN,OPEN,OPEN,OPEN
OPEN,OPEN,OPEN,OPEN,OPEN,OPEN,OPEN,OPEN,OPEN,OPEN,OPEN,OPEN,OPEN,OPEN,OPEN,OPEN,OPEN,OPEN,OPEN,OPEN,OPEN,OPEN,OPEN,OPEN,OPEN,OPEN,OPEN,OPEN,OPEN,OPEN
OPEN,OPEN,OPEN,OPEN,OPEN,OPEN,OPEN,OPEN,OPEN,OPEN,OPEN,OPEN,OPEN,OPEN,OPEN,OPEN,OPEN,OPEN,OPEN,OPEN,OPEN,OPEN,OPEN,OPEN,OPEN,OPEN,OPEN,OPEN,OPEN,OPEN
OPEN,OPEN,OPEN,OPEN,OPEN,OPEN,OPEN,OPEN,OPEN,OPEN,OPEN,OPEN,OPEN,OPEN,OPEN,OPEN,OPEN,OPEN,OPEN,OPEN,OPEN,OPEN,OPEN,OPEN,OPEN,OPEN,OPEN,OPEN,OPEN,OPEN
OPEN,OPEN,OPEN,OPEN,OPEN,OPEN,OPEN,OPEN,OPEN,OPEN,OPEN,OPEN,OPEN,OPEN,OPEN,OPEN,OPEN,OPEN,OPEN,OPEN,OPEN,OPEN,OPEN,OPEN,OPEN,OPEN,OPEN,OPEN,OPEN,OPEN
OPEN,OPEN,OPEN,OPEN,OPEN,OPEN,OPEN,OPEN,OPEN,OPEN,OPEN,OPEN,OPEN,OPEN,OPEN,OPEN,OPEN,OPEN,OPEN,OPEN,OPEN,OPEN,OPEN,OPEN,OPEN,OPEN,OPEN,OPEN,OPEN,OPEN
end body
layer end
layer 1 same
start tile
FFFF,FFFF,FFFF,FFFF,FFFF,FFFF,FFFF,FFFF,FFFF,FFFF,FFFF,FFFF,FFFF,FFFF,FFFF,FFFF,FFFF,FFFF,FFFF,FFFF,FFFF,FFFF,FFFF,FFFF,FFFF,FFFF,FFFF,FFFF,FFFF,FFFF
FFFF,FFFF,FFFF,FFFF,FFFF,FFFF,FFFF,FFFF,FFFF,FFFF,FFFF,FFFF,FFFF,FFFF,FFFF,FFFF,FFFF,FFFF,FFFF,FFFF,FFFF,FFFF,FFFF,FFFF,FFFF,FFFF,FFFF,FFFF,FFFF,FFFF
FFFF,FFFF,FFFF,FFFF,FFFF,FFFF,FFFF,FFFF,FFFF,FFFF,FFFF,FFFF,FFFF,FFFF,FFFF,FFFF,FFFF,FFFF,FFFF,FFFF,FFFF,FFFF,FFFF,FFFF,FFFF,FFFF,FFFF,FFFF,FFFF,FFFF
FFFF,FFFF,FFFF,FFFF,FFFF,FFFF,FFFF,FFFF,FFFF,FFFF,FFFF,FFFF,FFFF,FFFF,FFFF,FFFF,FFFF,FFFF,FFFF,FFFF,FFFF,FFFF,FFFF,FFFF,FFFF,FFFF,FFFF,FFFF,FFFF,FFFF
FFFF,FFFF,FFFF,FFFF,FFFF,FFFF,FFFF,FFFF,FFFF,FFFF,FFFF,FFFF,FFFF,FFFF,FFFF,FFFF,FFFF,FFFF,FFFF,FFFF,FFFF,FFFF,FFFF,FFFF,FFFF,FFFF,FFFF,FFFF,FFFF,FFFF
FFFF,FFFF,FFFF,FFFF,FFFF,FFFF,FFFF,FFFF,FFFF,FFFF,FFFF,FFFF,FFFF,FFFF,FFFF,FFFF,FFFF,FFFF,FFFF,FFFF,FFFF,FFFF,FFFF,FFFF,FFFF,FFFF,FFFF,FFFF,FFFF,FFFF
FFFF,FFFF,FFFF,FFFF,FFFF,FFFF,FFFF,FFFF,FFFF,FFFF,FFFF,FFFF,FFFF,FFFF,FFFF,FFFF,FFFF,FFFF,FFFF,FFFF,FFFF,FFFF,FFFF,FFFF,FFFF,FFFF,FFFF,FFFF,FFFF,FFFF
FFFF,FFFF,FFFF,0006,FFFF,0006,FFFF,FFFF,FFFF,FFFF,FFFF,FFFF,FFFF,FFFF,FFFF,FFFF,FFFF,FFFF,FFFF,FFFF,FFFF,FFFF,FFFF,FFFF,FFFF,FFFF,FFFF,FFFF,FFFF,FFFF
FFFF,FFFF,FFFF,FFFF,FFFF,FFFF,FFFF,FFFF,FFFF,FFFF,FFFF,FFFF,FFFF,FFFF,FFFF,FFFF,FFFF,FFFF,FFFF,FFFF,FFFF,FFFF,FFFF,FFFF,FFFF,FFFF,FFFF,FFFF,FFFF,FFFF
FFFF,FFFF,FFFF,FFFF,FFFF,FFFF,FFFF,FFFF,FFFF,FFFF,FFFF,FFFF,FFFF,FFFF,FFFF,FFFF,FFFF,FFFF,FFFF,FFFF,FFFF,FFFF,FFFF,FFFF,FFFF,FFFF,FFFF,FFFF,FFFF,FFFF
FFFF,FFFF,FFFF,FFFF,FFFF,FFFF,FFFF,FFFF,FFFF,FFFF,FFFF,FFFF,FFFF,FFFF,FFFF,FFFF,FFFF,FFFF,FFFF,FFFF,FFFF,FFFF,FFFF,FFFF,FFFF,FFFF,FFFF,FFFF,FFFF,FFFF
FFFF,FFFF,FFFF,FFFF,FFFF,FFFF,FFFF,FFFF,FFFF,FFFF,FFFF,FFFF,FFFF,FFFF,FFFF,FFFF,FFFF,FFFF,FFFF,FFFF,FFFF,FFFF,FFFF,FFFF,FFFF,FFFF,FFFF,FFFF,FFFF,FFFF
FFFF,FFFF,FFFF,FFFF,FFFF,FFFF,FFFF,FFFF,FFFF,FFFF,FFFF,FFFF,FFFF,FFFF,FFFF,FFFF,FFFF,FFFF,FFFF,FFFF,FFFF,FFFF,FFFF,FFFF,FFFF,FFFF,FFFF,FFFF,FFFF,FFFF
FFFF,FFFF,FFFF,FFFF,FFFF,FFFF,FFFF,FFFF,FFFF,FFFF,FFFF,FFFF,FFFF,FFFF,FFFF,FFFF,FFFF,FFFF,FFFF,FFFF,FFFF,FFFF,FFFF,FFFF,FFFF,FFFF,FFFF,FFFF,FFFF,FFFF
FFFF,FFFF,FFFF,FFFF,FFFF,FFFF,FFFF,FFFF,FFFF,FFFF,FFFF,FFFF,FFFF,FFFF,FFFF,FFFF,FFFF,FFFF,FFFF,FFFF,FFFF,FFFF,FFFF,FFFF,FFFF,FFFF,FFFF,FFFF,FFFF,FFFF
FFFF,FFFF,FFFF,FFFF,FFFF,FFFF,FFFF,FFFF,FFFF,FFFF,FFFF,FFFF,FFFF,FFFF,FFFF,FFFF,FFFF,FFFF,FFFF,FFFF,FFFF,FFFF,FFFF,FFFF,FFFF,FFFF,FFFF,FFFF,FFFF,FFFF
FFFF,FFFF,FFFF,FFFF,FFFF,FFFF,FFFF,FFFF,FFFF,FFFF,FFFF,FFFF,FFFF,FFFF,FFFF,FFFF,FFFF,FFFF,FFFF,FFFF,FFFF,FFFF,FFFF,FFFF,FFFF,FFFF,FFFF,FFFF,FFFF,FFFF
FFFF,FFFF,FFFF,FFFF,FFFF,FFFF,FFFF,FFFF,FFFF,FFFF,FFFF,FFFF,FFFF,FFFF,FFFF,FFFF,FFFF,FFFF,FFFF,FFFF,FFFF,FFFF,FFFF,FFFF,FFFF,FFFF,FFFF,FFFF,FFFF,FFFF
FFFF,FFFF,FFFF,FFFF,FFFF,FFFF,FFFF,FFFF,FFFF,FFFF,FFFF,FFFF,FFFF,FFFF,FFFF,FFFF,FFFF,FFFF,FFFF,FFFF,FFFF,FFFF,FFFF,FFFF,FFFF,FFFF,FFFF,FFFF,FFFF,FFFF
FFFF,FFFF,FFFF,FFFF,FFFF,FFFF,FFFF,FFFF,FFFF,FFFF,FFFF,FFFF,FFFF,FFFF,FFFF,FFFF,FFFF,FFFF,FFFF,FFFF,FFFF,FFFF,FFFF,FFFF,FFFF,FFFF,FFFF,FFFF,FFFF,FFFF
FFFF,FFFF,FFFF,FFFF,FFFF,FFFF,FFFF,FFFF,FFFF,FFFF,FFFF,FFFF,FFFF,FFFF,FFFF,FFFF,FFFF,FFFF,FFFF,FFFF,FFFF,FFFF,FFFF,FFFF,FFFF,FFFF,FFFF,FFFF,FFFF,FFFF
FFFF,FFFF,FFFF,FFFF,FFFF,FFFF,FFFF,FFFF,FFFF,FFFF,FFFF,FFFF,FFFF,FFFF,FFFF,FFFF,FFFF,FFFF,FFFF,FFFF,FFFF,FFFF,FFFF,FFFF,FFFF,FFFF,FFFF,FFFF,FFFF,FFFF
FFFF,FFFF,FFFF,FFFF,FFFF,FFFF,FFFF,FFFF,FFFF,FFFF,FFFF,FFFF,FFFF,FFFF,FFFF,FFFF,FFFF,FFFF,FFFF,FFFF,FFFF,FFFF,FFFF,FFFF,FFFF,FFFF,FFFF,FFFF,FFFF,FFFF
FFFF,FFFF,FFFF,FFFF,FFFF,FFFF,FFFF,FFFF,FFFF,FFFF,FFFF,FFFF,FFFF,FFFF,FFFF,FFFF,FFFF,FFFF,FFFF,FFFF,FFFF,FFFF,FFFF,FFFF,FFFF,FFFF,FFFF,FFFF,FFFF,FFFF
FFFF,FFFF,FFFF,FFFF,FFFF,FFFF,FFFF,FFFF,FFFF,FFFF,FFFF,FFFF,FFFF,FFFF,FFFF,FFFF,FFFF,FFFF,FFFF,FFFF,FFFF,FFFF,FFFF,FFFF,FFFF,FFFF,FFFF,FFFF,FFFF,FFFF
FFFF,FFFF,FFFF,FFFF,FFFF,FFFF,FFFF,FFFF,FFFF,FFFF,FFFF,FFFF,FFFF,FFFF,FFFF,FFFF,FFFF,FFFF,FFFF,FFFF,FFFF,FFFF,FFFF,FFFF,FFFF,FFFF,FFFF,FFFF,FFFF,FFFF
FFFF,FFFF,FFFF,FFFF,FFFF,FFFF,FFFF,FFFF,FFFF,FFFF,FFFF,FFFF,FFFF,FFFF,FFFF,FFFF,FFFF,FFFF,FFFF,FFFF,FFFF,FFFF,FFFF,FFFF,FFFF,FFFF,FFFF,FFFF,FFFF,FFFF
FFFF,FFFF,FFFF,FFFF,FFFF,FFFF,FFFF,FFFF,FFFF,FFFF,FFFF,FFFF,FFFF,FFFF,FFFF,FFFF,FFFF,FFFF,FFFF,FFFF,FFFF,FFFF,FFFF,FFFF,FFFF,FFFF,FFFF,FFFF,FFFF,FFFF
FFFF,FFFF,FFFF,FFFF,FFFF,FFFF,FFFF,FFFF,FFFF,FFFF,FFFF,FFFF,FFFF,FFFF,FFFF,FFFF,FFFF,FFFF,FFFF,FFFF,FFFF,FFFF,FFFF,FFFF,FFFF,FFFF,FFFF,FFFF,FFFF,FFFF
FFFF,FFFF,FFFF,FFFF,FFFF,FFFF,FFFF,FFFF,FFFF,FFFF,FFFF,FFFF,FFFF,FFFF,FFFF,FFFF,FFFF,FFFF,FFFF,FFFF,FFFF,FFFF,FFFF,FFFF,FFFF,FFFF,FFFF,FFFF,FFFF,FFFF
end tile
start body
OPEN,OPEN,OPEN,OPEN,OPEN,OPEN,OPEN,OPEN,OPEN,OPEN,OPEN,OPEN,OPEN,OPEN,OPEN,OPEN,OPEN,OPEN,OPEN,OPEN,OPEN,OPEN,OPEN,OPEN,OPEN,OPEN,OPEN,OPEN,OPEN,OPEN
OPEN,OPEN,OPEN,OPEN,OPEN,OPEN,OPEN,OPEN,OPEN,OPEN,OPEN,OPEN,OPEN,OPEN,OPEN,OPEN,OPEN,OPEN,OPEN,OPEN,OPEN,OPEN,OPEN,OPEN,OPEN,OPEN,OPEN,OPEN,OPEN,OPEN
OPEN,OPEN,OPEN,OPEN,OPEN,OPEN,OPEN,OPEN,OPEN,OPEN,OPEN,OPEN,OPEN,OPEN,OPEN,OPEN,OPEN,OPEN,OPEN,OPEN,OPEN,OPEN,OPEN,OPEN,OPEN,OPEN,OPEN,OPEN,OPEN,OPEN
OPEN,OPEN,OPEN,OPEN,OPEN,OPEN,OPEN,OPEN,OPEN,OPEN,OPEN,OPEN,OPEN,OPEN,OPEN,OPEN,OPEN,OPEN,OPEN,OPEN,OPEN,OPEN,OPEN,OPEN,OPEN,OPEN,OPEN,OPEN,OPEN,OPEN
OPEN,OPEN,OPEN,OPEN,OPEN,OPEN,OPEN,OPEN,OPEN,OPEN,OPEN,OPEN,OPEN,OPEN,OPEN,OPEN,OPEN,OPEN,OPEN,OPEN,OPEN,OPEN,OPEN,OPEN,OPEN,OPEN,OPEN,OPEN,OPEN,OPEN
OPEN,OPEN,OPEN,OPEN,OPEN,OPEN,OPEN,OPEN,OPEN,OPEN,OPEN,OPEN,OPEN,OPEN,OPEN,OPEN,OPEN,OPEN,OPEN,OPEN,OPEN,OPEN,OPEN,OPEN,OPEN,OPEN,OPEN,OPEN,OPEN,OPEN
OPEN,OPEN,OPEN,OPEN,OPEN,OPEN,OPEN,OPEN,OPEN,OPEN,OPEN,OPEN,OPEN,OPEN,OPEN,OPEN,OPEN,OPEN,OPEN,OPEN,OPEN,OPEN,OPEN,OPEN,OPEN,OPEN,OPEN,OPEN,OPEN,OPEN
OPEN,OPEN,OPEN,BLOCK,OPEN,BLOCK,OPEN,OPEN,OPEN,OPEN,OPEN,OPEN,OPEN,OPEN,OPEN,OPEN,OPEN,OPEN,OPEN,OPEN,OPEN,OPEN,OPEN,OPEN,OPEN,OPEN,OPEN,OPEN,OPEN,OPEN
OPEN,OPEN,OPEN,OPEN,OPEN,OPEN,OPEN,OPEN,OPEN,OPEN,OPEN,OPEN,OPEN,OPEN,OPEN,OPEN,OPEN,OPEN,OPEN,OPEN,OPEN,OPEN,OPEN,OPEN,OPEN,OPEN,OPEN,OPEN,OPEN,OPEN
OPEN,OPEN,OPEN,OPEN,OPEN,OPEN,OPEN,OPEN,OPEN,OPEN,OPEN,OPEN,OPEN,OPEN,OPEN,OPEN,OPEN,OPEN,OPEN,OPEN,OPEN,OPEN,OPEN,OPEN,OPEN,OPEN,OPEN,OPEN,OPEN,OPEN
OPEN,OPEN,OPEN,OPEN,OPEN,OPEN,OPEN,OPEN,OPEN,OPEN,OPEN,OPEN,OPEN,OPEN,OPEN,OPEN,OPEN,OPEN,OPEN,OPEN,OPEN,OPEN,OPEN,OPEN,OPEN,OPEN,OPEN,OPEN,OPEN,OPEN
OPEN,OPEN,OPEN,OPEN,OPEN,OPEN,OPEN,OPEN,OPEN,OPEN,OPEN,OPEN,OPEN,OPEN,OPEN,OPEN,OPEN,OPEN,OPEN,OPEN,OPEN,OPEN,OPEN,OPEN,OPEN,OPEN,OPEN,OPEN,OPEN,OPEN
OPEN,OPEN,OPEN,OPEN,OPEN,OPEN,OPEN,OPEN,OPEN,OPEN,OPEN,OPEN,OPEN,OPEN,OPEN,OPEN,OPEN,OPEN,OPEN,OPEN,OPEN,OPEN,OPEN,OPEN,OPEN,OPEN,OPEN,OPEN,OPEN,OPEN
OPEN,OPEN,OPEN,OPEN,OPEN,OPEN,OPEN,OPEN,OPEN,OPEN,OPEN,OPEN,OPEN,OPEN,OPEN,OPEN,OPEN,OPEN,OPEN,OPEN,OPEN,OPEN,OPEN,OPEN,OPEN,OPEN,OPEN,OPEN,OPEN,OPEN
OPEN,OPEN,OPEN,OPEN,OPEN,OPEN,OPEN,OPEN,OPEN,OPEN,OPEN,OPEN,OPEN,OPEN,OPEN,OPEN,OPEN,OPEN,OPEN,OPEN,OPEN,OPEN,OPEN,OPEN,OPEN,OPEN,OPEN,OPEN,OPEN,OPEN
OPEN,OPEN,OPEN,OPEN,OPEN,OPEN,OPEN,OPEN,OPEN,OPEN,OPEN,OPEN,OPEN,OPEN,OPEN,OPEN,OPEN,OPEN,OPEN,OPEN,OPEN,OPEN,OPEN,OPEN,OPEN,OPEN,OPEN,OPEN,OPEN,OPEN
OPEN,OPEN,OPEN,OPEN,OPEN,OPEN,OPEN,OPEN,OPEN,OPEN,OPEN,OPEN,OPEN,OPEN,OPEN,OPEN,OPEN,OPEN,OPEN,OPEN,OPEN,OPEN,OPEN,OPEN,OPEN,OPEN,OPEN,OPEN,OPEN,OPEN
OPEN,OPEN,OPEN,OPEN,OPEN,OPEN,OPEN,OPEN,OPEN,OPEN,OPEN,OPEN,OPEN,OPEN,OPEN,OPEN,OPEN,OPEN,OPEN,OPEN,OPEN,OPEN,OPEN,OPEN,OPEN,OPEN,OPEN,OPEN,OPEN,OPEN
OPEN,OPEN,OPEN,OPEN,OPEN,OPEN,OPEN,OPEN,OPEN,OPEN,OPEN,OPEN,OPEN,OPEN,OPEN,OPEN,OPEN,OPEN,OPEN,OPEN,OPEN,OPEN,OPEN,OPEN,OPEN,OPEN,OPEN,OPEN,OPEN,OPEN
OPEN,OPEN,OPEN,OPEN,OPEN,OPEN,OPEN,OPEN,OPEN,OPEN,OPEN,OPEN,OPEN,OPEN,OPEN,OPEN,OPEN,OPEN,OPEN,OPEN,OPEN,OPEN,OPEN,OPEN,OPEN,OPEN,OPEN,OPEN,OPEN,OPEN
OPEN,OPEN,OPEN,OPEN,OPEN,OPEN,OPEN,OPEN,OPEN,OPEN,OPEN,OPEN,OPEN,OPEN,OPEN,OPEN,OPEN,OPEN,OPEN,OPEN,OPEN,OPEN,OPEN,OPEN,OPEN,OPEN,OPEN,OPEN,OPEN,OPEN
OPEN,OPEN,OPEN,OPEN,OPEN,OPEN,OPEN,OPEN,OPEN,OPEN,OPEN,OPEN,OPEN,OPEN,OPEN,OPEN,OPEN,OPEN,OPEN,OPEN,OPEN,OPEN,OPEN,OPEN,OPEN,OPEN,OPEN,OPEN,OPEN,OPEN
OPEN,OPEN,OPEN,OPEN,OPEN,OPEN,OPEN,OPEN,OPEN,OPEN,OPEN,OPEN,OPEN,OPEN,OPEN,OPEN,OPEN,OPEN,OPEN,OPEN,OPEN,OPEN,OPEN,OPEN,OPEN,OPEN,OPEN,OPEN,OPEN,OPEN
OPEN,OPEN,OPEN,OPEN,OPEN,OPEN,OPEN,OPEN,OPEN,OPEN,OPEN,OPEN,OPEN,OPEN,OPEN,OPEN,OPEN,OPEN,OPEN,OPEN,OPEN,OPEN,OPEN,OPEN,OPEN,OPEN,OPEN,OPEN,OPEN,OPEN
OPEN,OPEN,OPEN,OPEN,OPEN,OPEN,OPEN,OPEN,OPEN,OPEN,OPEN,OPEN,OPEN,OPEN,OPEN,OPEN,OPEN,OPEN,OPEN,OPEN,OPEN,OPEN,OPEN,OPEN,OPEN,OPEN,OPEN,OPEN,OPEN,OPEN
OPEN,OPEN,OPEN,OPEN,OPEN,OPEN,OPEN,OPEN,OPEN,OPEN,OPEN,OPEN,OPEN,OPEN,OPEN,OPEN,OPEN,OPEN,OPEN,OPEN,OPEN,OPEN,OPEN,OPEN,OPEN,OPEN,OPEN,OPEN,OPEN,OPEN
OPEN,OPEN,OPEN,OPEN,OPEN,OPEN,OPEN,OPEN,OPEN,OPEN,OPEN,OPEN,OPEN,OPEN,OPEN,OPEN,OPEN,OPEN,OPEN,OPEN,OPEN,OPEN,OPEN,OPEN,OPEN,OPEN,OPEN,OPEN,OPEN,OPEN
OPEN,OPEN,OPEN,OPEN,OPEN,OPEN,OPEN,OPEN,OPEN,OPEN,OPEN,OPEN,OPEN,OPEN,OPEN,OPEN,OPEN,OPEN,OPEN,OPEN,OPEN,OPEN,OPEN,OPEN,OPEN,OPEN,OPEN,OPEN,OPEN,OPEN
OPEN,OPEN,OPEN,OPEN,OPEN,OPEN,OPEN,OPEN,OPEN,OPEN,OPEN,OPEN,OPEN,OPEN,OPEN,OPEN,OPEN,OPEN,OPEN,OPEN,OPEN,OPEN,OPEN,OPEN,OPEN,OPEN,OPEN,OPEN,OPEN,OPEN
OPEN,OPEN,OPEN,OPEN,OPEN,OPEN,OPEN,OPEN,OPEN,OPEN,OPEN,OPEN,OPEN,OPEN,OPEN,OPEN,OPEN,OPEN,OPEN,OPEN,OPEN,OPEN,OPEN,OPEN,OPEN,OPEN,OPEN,OPEN,OPEN,OPEN
end body
layer end
layer 2 above
start tile
FFFF,FFFF,FFFF,FFFF,FFFF,FFFF,FFFF,FFFF,FFFF,FFFF,FFFF,FFFF,FFFF,FFFF,FFFF,FFFF,FFFF,FFFF,FFFF,FFFF,FFFF,FFFF,FFFF,FFFF,FFFF,FFFF,FFFF,FFFF,FFFF,FFFF
FFFF,FFFF,FFFF,FFFF,FFFF,FFFF,FFFF,FFFF,FFFF,FFFF,FFFF,FFFF,FFFF,FFFF,FFFF,FFFF,FFFF,FFFF,FFFF,FFFF,FFFF,FFFF,FFFF,FFFF,FFFF,FFFF,FFFF,FFFF,FFFF,FFFF
FFFF,FFFF,FFFF,FFFF,FFFF,FFFF,FFFF,FFFF,FFFF,FFFF,FFFF,FFFF,FFFF,FFFF,FFFF,FFFF,FFFF,FFFF,FFFF,FFFF,FFFF,FFFF,FFFF,FFFF,FFFF,FFFF,FFFF,FFFF,FFFF,FFFF
FFFF,FFFF,FFFF,FFFF,FFFF,FFFF,FFFF,FFFF,FFFF,FFFF,FFFF,FFFF,FFFF,FFFF,FFFF,FFFF,FFFF,FFFF,FFFF,FFFF,FFFF,FFFF,FFFF,FFFF,FFFF,FFFF,FFFF,FFFF,FFFF,FFFF
FFFF,FFFF,FFFF,FFFF,FFFF,FFFF,FFFF,FFFF,FFFF,FFFF,FFFF,FFFF,FFFF,FFFF,FFFF,FFFF,FFFF,FFFF,FFFF,FFFF,FFFF,FFFF,FFFF,FFFF,FFFF,FFFF,FFFF,FFFF,FFFF,FFFF
FFFF,FFFF,FFFF,FFFF,FFFF,FFFF,FFFF,FFFF,FFFF,FFFF,FFFF,FFFF,FFFF,FFFF,FFFF,FFFF,FFFF,FFFF,FFFF,FFFF,FFFF,FFFF,FFFF,FFFF,FFFF,FFFF,FFFF,FFFF,FFFF,FFFF
FFFF,FFFF,FFFF,FFFF,FFFF,FFFF,FFFF,FFFF,FFFF,FFFF,FFFF,FFFF,FFFF,FFFF,FFFF,FFFF,FFFF,FFFF,FFFF,FFFF,FFFF,FFFF,FFFF,FFFF,FFFF,FFFF,FFFF,FFFF,FFFF,FFFF
FFFF,FFFF,FFFF,FFFF,FFFF,FFFF,FFFF,FFFF,FFFF,FFFF,FFFF,FFFF,FFFF,FFFF,FFFF,FFFF,FFFF,FFFF,FFFF,FFFF,FFFF,FFFF,FFFF,FFFF,FFFF,FFFF,FFFF,FFFF,FFFF,FFFF
FFFF,FFFF,FFFF,0005,FFFF,0005,FFFF,FFFF,FFFF,FFFF,FFFF,FFFF,FFFF,FFFF,FFFF,FFFF,FFFF,FFFF,FFFF,FFFF,FFFF,FFFF,FFFF,FFFF,FFFF,FFFF,FFFF,FFFF,FFFF,FFFF
FFFF,FFFF,FFFF,FFFF,FFFF,FFFF,FFFF,FFFF,FFFF,FFFF,FFFF,FFFF,FFFF,FFFF,FFFF,FFFF,FFFF,FFFF,FFFF,FFFF,FFFF,FFFF,FFFF,FFFF,FFFF,FFFF,FFFF,FFFF,FFFF,FFFF
FFFF,FFFF,FFFF,FFFF,FFFF,FFFF,FFFF,FFFF,FFFF,FFFF,FFFF,FFFF,FFFF,FFFF,FFFF,FFFF,FFFF,FFFF,FFFF,FFFF,FFFF,FFFF,FFFF,FFFF,FFFF,FFFF,FFFF,FFFF,FFFF,FFFF
FFFF,FFFF,FFFF,FFFF,FFFF,FFFF,FFFF,FFFF,FFFF,FFFF,FFFF,FFFF,FFFF,FFFF,FFFF,FFFF,FFFF,FFFF,FFFF,FFFF,FFFF,FFFF,FFFF,FFFF,FFFF,FFFF,FFFF,FFFF,FFFF,FFFF
FFFF,FFFF,FFFF,FFFF,FFFF,FFFF,FFFF,FFFF,FFFF,FFFF,FFFF,FFFF,FFFF,FFFF,FFFF,FFFF,FFFF,FFFF,FFFF,FFFF,FFFF,FFFF,FFFF,FFFF,FFFF,FFFF,FFFF,FFFF,FFFF,FFFF
FFFF,FFFF,FFFF,FFFF,FFFF,FFFF,FFFF,FFFF,FFFF,FFFF,FFFF,FFFF,FFFF,FFFF,FFFF,FFFF,FFFF,FFFF,FFFF,FFFF,FFFF,FFFF,FFFF,FFFF,FFFF,FFFF,FFFF,FFFF,FFFF,FFFF
FFFF,FFFF,FFFF,FFFF,FFFF,FFFF,FFFF,FFFF,FFFF,FFFF,FFFF,FFFF,FFFF,FFFF,FFFF,FFFF,FFFF,FFFF,FFFF,FFFF,FFFF,FFFF,FFFF,FFFF,FFFF,FFFF,FFFF,FFFF,FFFF,FFFF
FFFF,FFFF,FFFF,FFFF,FFFF,FFFF,FFFF,FFFF,FFFF,FFFF,FFFF,FFFF,FFFF,FFFF,FFFF,FFFF,FFFF,FFFF,FFFF,FFFF,FFFF,FFFF,FFFF,FFFF,FFFF,FFFF,FFFF,FFFF,FFFF,FFFF
FFFF,FFFF,FFFF,FFFF,FFFF,FFFF,FFFF,FFFF,FFFF,FFFF,FFFF,FFFF,FFFF,FFFF,FFFF,FFFF,FFFF,FFFF,FFFF,FFFF,FFFF,FFFF,FFFF,FFFF,FFFF,FFFF,FFFF,FFFF,FFFF,FFFF
FFFF,FFFF,FFFF,FFFF,FFFF,FFFF,FFFF,FFFF,FFFF,FFFF,FFFF,FFFF,FFFF,FFFF,FFFF,FFFF,FFFF,FFFF,FFFF,FFFF,FFFF,FFFF,FFFF,FFFF,FFFF,FFFF,FFFF,FFFF,FFFF,FFFF
FFFF,FFFF,FFFF,FFFF,FFFF,FFFF,FFFF,FFFF,FFFF,FFFF,FFFF,FFFF,FFFF,FFFF,FFFF,FFFF,FFFF,FFFF,FFFF,FFFF,FFFF,FFFF,FFFF,FFFF,FFFF,FFFF,FFFF,FFFF,FFFF,FFFF
FFFF,FFFF,FFFF,FFFF,FFFF,FFFF,FFFF,FFFF,FFFF,FFFF,FFFF,FFFF,FFFF,FFFF,FFFF,FFFF,FFFF,FFFF,FFFF,FFFF,FFFF,FFFF,FFFF,FFFF,FFFF,FFFF,FFFF,FFFF,FFFF,FFFF
FFFF,FFFF,FFFF,FFFF,FFFF,FFFF,FFFF,FFFF,FFFF,FFFF,FFFF,FFFF,FFFF,FFFF,FFFF,FFFF,FFFF,FFFF,FFFF,FFFF,FFFF,FFFF,FFFF,FFFF,FFFF,FFFF,FFFF,FFFF,FFFF,FFFF
FFFF,FFFF,FFFF,0A10,0A10,0A10,0A10,0A10,0A10,0A10,0A10,FFFF,FFFF,FFFF,FFFF,FFFF,FFFF,FFFF,FFFF,FFFF,FFFF,FFFF,FFFF,FFFF,FFFF,FFFF,FFFF,FFFF,FFFF,FFFF
FFFF,FFFF,FFFF,FFFF,FFFF,FFFF,FFFF,FFFF,FFFF,FFFF,FFFF,FFFF,FFFF,FFFF,FFFF,FFFF,FFFF,FFFF,FFFF,FFFF,FFFF,FFFF,FFFF,FFFF,FFFF,FFFF,FFFF,FFFF,FFFF,FFFF
FFFF,FFFF,FFFF,FFFF,FFFF,FFFF,FFFF,FFFF,FFFF,FFFF,FFFF,FFFF,FFFF,FFFF,FFFF,FFFF,FFFF,FFFF,FFFF,FFFF,FFFF,FFFF,FFFF,FFFF,FFFF,FFFF,FFFF,FFFF,FFFF,FFFF
FFFF,FFFF,FFFF,FFFF,FFFF,FFFF,FFFF,FFFF,FFFF,FFFF,FFFF,FFFF,FFFF,FFFF,FFFF,FFFF,FFFF,FFFF,FFFF,FFFF,FFFF,FFFF,FFFF,FFFF,FFFF,FFFF,FFFF,FFFF,FFFF,FFFF
FFFF,FFFF,FFFF,FFFF,FFFF,FFFF,FFFF,FFFF,FFFF,FFFF,FFFF,FFFF,FFFF,FFFF,FFFF,FFFF,FFFF,FFFF,FFFF,FFFF,FFFF,FFFF,FFFF,FFFF,FFFF,FFFF,FFFF,FFFF,FFFF,FFFF
FFFF,FFFF,FFFF,FFFF,FFFF,FFFF,FFFF,FFFF,FFFF,FFFF,FFFF,FFFF,FFFF,FFFF,FFFF,FFFF,FFFF,FFFF,FFFF,FFFF,FFFF,FFFF,FFFF,FFFF,FFFF,FFFF,FFFF,FFFF,FFFF,FFFF
FFFF,FFFF,FFFF,FFFF,FFFF,FFFF,FFFF,FFFF,FFFF,FFFF,FFFF,FFFF,FFFF,FFFF,FFFF,FFFF,FFFF,FFFF,FFFF,FFFF,FFFF,FFFF,FFFF,FFFF,FFFF,FFFF,FFFF,FFFF,FFFF,FFFF
FFFF,FFFF,FFFF,FFFF,FFFF,FFFF,FFFF,FFFF,FFFF,FFFF,FFFF,FFFF,FFFF,FFFF,FFFF,FFFF,FFFF,FFFF,FFFF,FFFF,FFFF,FFFF,FFFF,FFFF,FFFF,FFFF,FFFF,FFFF,FFFF,FFFF
FFFF,FFFF,FFFF,FFFF,FFFF,FFFF,FFFF,FFFF,FFFF,FFFF,FFFF,FFFF,FFFF,FFFF,FFFF,FFFF,FFFF,FFFF,FFFF,FFFF,FFFF,FFFF,FFFF,FFFF,FFFF,FFFF,FFFF,FFFF,FFFF,FFFF
end tile
start body
OPEN,OPEN,OPEN,OPEN,OPEN,OPEN,OPEN,OPEN,OPEN,OPEN,OPEN,OPEN,OPEN,OPEN,OPEN,OPEN,OPEN,OPEN,OPEN,OPEN,OPEN,OPEN,OPEN,OPEN,OPEN,OPEN,OPEN,OPEN,OPEN,OPEN
OPEN,OPEN,OPEN,OPEN,OPEN,OPEN,OPEN,OPEN,OPEN,OPEN,OPEN,OPEN,OPEN,OPEN,OPEN,OPEN,OPEN,OPEN,OPEN,OPEN,OPEN,OPEN,OPEN,OPEN,OPEN,OPEN,OPEN,OPEN,OPEN,OPEN
OPEN,OPEN,OPEN,OPEN,OPEN,OPEN,OPEN,OPEN,OPEN,OPEN,OPEN,OPEN,OPEN,OPEN,OPEN,OPEN,OPEN,OPEN,OPEN,OPEN,OPEN,OPEN,OPEN,OPEN,OPEN,OPEN,OPEN,OPEN,OPEN,OPEN
OPEN,OPEN,OPEN,OPEN,OPEN,OPEN,OPEN,OPEN,OPEN,OPEN,OPEN,OPEN,OPEN,OPEN,OPEN,OPEN,OPEN,OPEN,OPEN,OPEN,OPEN,OPEN,OPEN,OPEN,OPEN,OPEN,OPEN,OPEN,OPEN,OPEN
OPEN,OPEN,OPEN,OPEN,OPEN,OPEN,OPEN,OPEN,OPEN,OPEN,OPEN,OPEN,OPEN,OPEN,OPEN,OPEN,OPEN,OPEN,OPEN,OPEN,OPEN,OPEN,OPEN,OPEN,OPEN,OPEN,OPEN,OPEN,OPEN,OPEN
OPEN,OPEN,OPEN,OPEN,OPEN,OPEN,OPEN,OPEN,OPEN,OPEN,OPEN,OPEN,OPEN,OPEN,OPEN,OPEN,OPEN,OPEN,OPEN,OPEN,OPEN,OPEN,OPEN,OPEN,OPEN,OPEN,OPEN,OPEN,OPEN,OPEN
OPEN,OPEN,OPEN,OPEN,OPEN,OPEN,OPEN,OPEN,OPEN,OPEN,OPEN,OPEN,OPEN,OPEN,OPEN,OPEN,OPEN,OPEN,OPEN,OPEN,OPEN,OPEN,OPEN,OPEN,OPEN,OPEN,OPEN,OPEN,OPEN,OPEN
OPEN,OPEN,OPEN,OPEN,OPEN,OPEN,OPEN,OPEN,OPEN,OPEN,OPEN,OPEN,OPEN,OPEN,OPEN,OPEN,OPEN,OPEN,OPEN,OPEN,OPEN,OPEN,OPEN,OPEN,OPEN,OPEN,OPEN,OPEN,OPEN,OPEN
OPEN,OPEN,OPEN,OPEN,OPEN,OPEN,OPEN,OPEN,OPEN,OPEN,OPEN,OPEN,OPEN,OPEN,OPEN,OPEN,OPEN,OPEN,OPEN,OPEN,OPEN,OPEN,OPEN,OPEN,OPEN,OPEN,OPEN,OPEN,OPEN,OPEN
OPEN,OPEN,OPEN,OPEN,OPEN,OPEN,OPEN,OPEN,OPEN,OPEN,OPEN,OPEN,OPEN,OPEN,OPEN,OPEN,OPEN,OPEN,OPEN,OPEN,OPEN,OPEN,OPEN,OPEN,OPEN,OPEN,OPEN,OPEN,OPEN,OPEN
OPEN,OPEN,OPEN,OPEN,OPEN,OPEN,OPEN,OPEN,OPEN,OPEN,OPEN,OPEN,OPEN,OPEN,OPEN,OPEN,OPEN,OPEN,OPEN,OPEN,OPEN,OPEN,OPEN,OPEN,OPEN,OPEN,OPEN,OPEN,OPEN,OPEN
OPEN,OPEN,OPEN,OPEN,OPEN,OPEN,OPEN,OPEN,OPEN,OPEN,OPEN,OPEN,OPEN,OPEN,OPEN,OPEN,OPEN,OPEN,OPEN,OPEN,OPEN,OPEN,OPEN,OPEN,OPEN,OPEN,OPEN,OPEN,OPEN,OPEN
OPEN,OPEN,OPEN,OPEN,OPEN,OPEN,OPEN,OPEN,OPEN,OPEN,OPEN,OPEN,OPEN,OPEN,OPEN,OPEN,OPEN,OPEN,OPEN,OPEN,OPEN,OPEN,OPEN,OPEN,OPEN,OPEN,OPEN,OPEN,OPEN,OPEN
OPEN,OPEN,OPEN,OPEN,OPEN,OPEN,OPEN,OPEN,OPEN,OPEN,OPEN,OPEN,OPEN,OPEN,OPEN,OPEN,OPEN,OPEN,OPEN,OPEN,OPEN,OPEN,OPEN,OPEN,OPEN,OPEN,OPEN,OPEN,OPEN,OPEN
OPEN,OPEN,OPEN,OPEN,OPEN,OPEN,OPEN,OPEN,OPEN,OPEN,OPEN,OPEN,OPEN,OPEN,OPEN,OPEN,OPEN,OPEN,OPEN,OPEN,OPEN,OPEN,OPEN,OPEN,OPEN,OPEN,OPEN,OPEN,OPEN,OPEN
OPEN,OPEN,OPEN,OPEN,OPEN,OPEN,OPEN,OPEN,OPEN,OPEN,OPEN,OPEN,OPEN,OPEN,OPEN,OPEN,OPEN,OPEN,OPEN,OPEN,OPEN,OPEN,OPEN,OPEN,OPEN,OPEN,OPEN,OPEN,OPEN,OPEN
OPEN,OPEN,OPEN,OPEN,OPEN,OPEN,OPEN,OPEN,OPEN,OPEN,OPEN,OPEN,OPEN,OPEN,OPEN,OPEN,OPEN,OPEN,OPEN,OPEN,OPEN,OPEN,OPEN,OPEN,OPEN,OPEN,OPEN,OPEN,OPEN,OPEN
OPEN,OPEN,OPEN,OPEN,OPEN,OPEN,OPEN,OPEN,OPEN,OPEN,OPEN,OPEN,OPEN,OPEN,OPEN,OPEN,OPEN,OPEN,OPEN,OPEN,OPEN,OPEN,OPEN,OPEN,OPEN,OPEN,OPEN,OPEN,OPEN,OPEN
OPEN,OPEN,OPEN,OPEN,OPEN,OPEN,OPEN,OPEN,OPEN,OPEN,OPEN,OPEN,OPEN,OPEN,OPEN,OPEN,OPEN,OPEN,OPEN,OPEN,OPEN,OPEN,OPEN,OPEN,OPEN,OPEN,OPEN,OPEN,OPEN,OPEN
OPEN,OPEN,OPEN,OPEN,OPEN,OPEN,OPEN,OPEN,OPEN,OPEN,OPEN,OPEN,OPEN,OPEN,OPEN,OPEN,OPEN,OPEN,OPEN,OPEN,OPEN,OPEN,OPEN,OPEN,OPEN,OPEN,OPEN,OPEN,OPEN,OPEN
OPEN,OPEN,OPEN,OPEN,OPEN,OPEN,OPEN,OPEN,OPEN,OPEN,OPEN,OPEN,OPEN,OPEN,OPEN,OPEN,OPEN,OPEN,OPEN,OPEN,OPEN,OPEN,OPEN,OPEN,OPEN,OPEN,OPEN,OPEN,OPEN,OPEN
OPEN,OPEN,OPEN,OPEN,OPEN,OPEN,OPEN,OPEN,OPEN,OPEN,OPEN,OPEN,OPEN,OPEN,OPEN,OPEN,OPEN,OPEN,OPEN,OPEN,OPEN,OPEN,OPEN,OPEN,OPEN,OPEN,OPEN,OPEN,OPEN,OPEN
OPEN,OPEN,OPEN,OPEN,OPEN,OPEN,OPEN,OPEN,OPEN,OPEN,OPEN,OPEN,OPEN,OPEN,OPEN,OPEN,OPEN,OPEN,OPEN,OPEN,OPEN,OPEN,OPEN,OPEN,OPEN,OPEN,OPEN,OPEN,OPEN,OPEN
OPEN,OPEN,OPEN,OPEN,OPEN,OPEN,OPEN,OPEN,OPEN,OPEN,OPEN,OPEN,OPEN,OPEN,OPEN,OPEN,OPEN,OPEN,OPEN,OPEN,OPEN,OPEN,OPEN,OPEN,OPEN,OPEN,OPEN,OPEN,OPEN,OPEN
OPEN,OPEN,OPEN,OPEN,OPEN,OPEN,OPEN,OPEN,OPEN,OPEN,OPEN,OPEN,OPEN,OPEN,OPEN,OPEN,OPEN,OPEN,OPEN,OPEN,OPEN,OPEN,OPEN,OPEN,OPEN,OPEN,OPEN,OPEN,OPEN,OPEN
OPEN,OPEN,OPEN,OPEN,OPEN,OPEN,OPEN,OPEN,OPEN,OPEN,OPEN,OPEN,OPEN,OPEN,OPEN,OPEN,OPEN,OPEN,OPEN,OPEN,OPEN,OPEN,OPEN,OPEN,OPEN,OPEN,OPEN,OPEN,OPEN,OPEN
OPEN,OPEN,OPEN,OPEN,OPEN,OPEN,OPEN,OPEN,OPEN,OPEN,OPEN,OPEN,OPEN,OPEN,OPEN,OPEN,OPEN,OPEN,OPEN,OPEN,OPEN,OPEN,OPEN,OPEN,OPEN,OPEN,OPEN,OPEN,OPEN,OPEN
OPEN,OPEN,OPEN,OPEN,OPEN,OPEN,OPEN,OPEN,OPEN,OPEN,OPEN,OPEN,OPEN,OPEN,OPEN,OPEN,OPEN,OPEN,OPEN,OPEN,OPEN,OPEN,OPEN,OPEN,OPEN,OPEN,OPEN,OPEN,OPEN,OPEN
OPEN,OPEN,OPEN,OPEN,OPEN,OPEN,OPEN,OPEN,OPEN,OPEN,OPEN,OPEN,OPEN,OPEN,OPEN,OPEN,OPEN,OPEN,OPEN,OPEN,OPEN,OPEN,OPEN,OPEN,OPEN,OPEN,OPEN,OPEN,OPEN,OPEN
OPEN,OPEN,OPEN,OPEN,OPEN,OPEN,OPEN,OPEN,OPEN,OPEN,OPEN,OPEN,OPEN,OPEN,OPEN,OPEN,OPEN,OPEN,OPEN,OPEN,OPEN,OPEN,OPEN,OPEN,OPEN,OPEN,OPEN,OPEN,OPEN,OPEN
end body
layer end